// Jest Snapshot v1, https://goo.gl/fbAQLP

exports[`Component:Route Testing the Parent Route Component 1`] = `
<div
  className="route-info-wrapper"
  id="my-route"
>
  <div
    className="directions-form"
  >
    <label
      className="form-label"
    >
       
      <span>
        Starting Point :
      </span>
        
      <input
        name="starting"
        placeholder="Pick Up From"
        type="text"
      />
       
    </label>
    <label
      className="form-label"
    >
       
      <span>
        Dropping Point :
      </span>
        
      <input
        name="dropping"
        placeholder="Drop To"
        type="text"
      />
       
    </label>
    <div
      className="btn-container"
    >
      <button
        className="form-btn"
        onClick={[Function]}
      >
        Submit
      </button>
       
      <button
        onClick={[Function]}
      >
        Reset
      </button>
    </div>
  </div>
</div>
`;
