// Jest Snapshot v1, https://goo.gl/fbAQLP

exports[`Component:RouteForm Testing the Route Form Component 1`] = `
<div
  className="directions-form"
>
  <label
    className="form-label"
  >
    <span>
      Starting Point :
    </span>
    <input
      id="origin"
      name="starting"
      onChange={[Function]}
      placeholder="Pick Up From"
      type="text"
      value=""
    />
  </label>
  <label
    className="form-label"
  >
    <span>
      Dropping Point :
    </span>
    <input
      id="destination"
      name="dropping"
      onChange={[Function]}
      placeholder="Drop To"
      type="text"
      value=""
    />
  </label>
  <div
    className="btn-container"
  >
    <button
      className="form-btn"
      onClick={[Function]}
    >
      Submit
    </button>
     
    <button
      onClick={[Function]}
    >
      Reset
    </button>
  </div>
</div>
`;
